# serializer version: 1
# name: test_choice_registry_examine_help
  '''
  usage: draccus [-h] [--config_path str] [--person str]
                 [--person.type {adult,child}] [--person.age int]
                 [--person.name str] [--person.favorite_toy str]
  
  options:
    -h, --help            show this help message and exit
    --config_path str     Path for a config file to parse with draccus (default:
                          None)
    --person str          Config file for person (default: None)
  
  Something:
  
  Person ['person']:
  
    --person.type {adult,child}
                          Which type of Person ['person'] to use (default: None)
  
  Adult ['person']:
  
    --person.name str     Person's name (default: None)
    --person.age int
  
  Child ['person']:
  
    --person.name str     Person's name (default: None)
    --person.favorite_toy str
                          Child's favorite toy (default: None)
  '''
# ---
